// Jest Snapshot v1, https://goo.gl/fbAQLP

exports[`OuiHeaderBreadcrumbs is rendered 1`] = `
<nav
  aria-label="aria-label"
  class="ouiBreadcrumbs ouiHeaderBreadcrumbs testClass1 testClass2 ouiBreadcrumbs--truncate"
  data-test-subj="test subject string"
>
  <div
    class="ouiBreadcrumbWall"
  >
    <div
      class="ouiBreadcrumbWrapper ouiBreadcrumbWrapper--first"
    >
      <a
        class="ouiLink ouiLink--subdued ouiBreadcrumb customClass"
        data-test-subj="breadcrumbsAnimals"
        href="#"
        rel="noreferrer"
      >
        Animals
      </a>
    </div>
  </div>
  <div
    class="ouiBreadcrumbWrapper"
  >
    <svg
      aria-hidden="true"
      class="ouiBreadcrumbWall--separator"
      fill="none"
      viewBox="0 0 6 10"
      xmlns="http://www.w3.org/2000/svg"
    >
      <path
        d="m1 9 4-4-4-4"
        stroke="currentColor"
        stroke-linecap="round"
        stroke-linejoin="round"
        stroke-width="2"
      />
    </svg>
    <button
      class="ouiLink ouiLink--subdued ouiBreadcrumb"
      type="button"
    >
      Reptiles
    </button>
  </div>
  <div
    class="ouiBreadcrumbWrapper"
  >
    <svg
      aria-hidden="true"
      class="ouiBreadcrumbWall--separator"
      fill="none"
      viewBox="0 0 6 10"
      xmlns="http://www.w3.org/2000/svg"
    >
      <path
        d="m1 9 4-4-4-4"
        stroke="currentColor"
        stroke-linecap="round"
        stroke-linejoin="round"
        stroke-width="2"
      />
    </svg>
    <a
      class="ouiLink ouiLink--subdued ouiBreadcrumb"
      href="#"
      rel="noreferrer"
    >
      Boa constrictor
    </a>
  </div>
  <div
    class="ouiBreadcrumbWrapper ouiBreadcrumbWrapper--last"
  >
    <svg
      aria-hidden="true"
      class="ouiBreadcrumbWall--separator"
      fill="none"
      viewBox="0 0 6 10"
      xmlns="http://www.w3.org/2000/svg"
    >
      <path
        d="m1 9 4-4-4-4"
        stroke="currentColor"
        stroke-linecap="round"
        stroke-linejoin="round"
        stroke-width="2"
      />
    </svg>
    <span
      aria-current="page"
      class="ouiBreadcrumb ouiBreadcrumb--last"
    >
      Edit
    </span>
  </div>
</nav>
`;
